// Jest Snapshot v1, https://goo.gl/fbAQLP

exports[`Archive template matches snapshot 1`] = `
<Layout
  className=""
  showHeader={true}
  title="Archive"
>
  <SEO
    description="The old posts of blog"
    path="archive"
    title="Archive | Page 3"
  />
  <PostList
    contentClassName=""
    posts={
      Array [
        Object {
          "node": Object {
            "frontmatter": Object {
              "cover": Object {
                "childImageSharp": Object {
                  "fluid": Object {
                    "aspectRatio": 1.7,
                    "sizes": "(max-width: 600px) 100vw, 600px",
                    "src": "/static/da8d0fc0af7f0d310517048e303b3fcf/a5a41/preview.jpg",
                    "srcSet": "/static/da8d0fc0af7f0d310517048e303b3fcf/a5a41/preview.jpg",
                  },
                },
              },
              "date": "2019-05-14",
              "excerpt": "an excertp for the article #1",
              "path": "path-to-the-article-1",
              "tags": Array [
                "laravel",
                "javascript",
                "angular",
              ],
              "title": "Title of article #1",
            },
          },
        },
        Object {
          "node": Object {
            "frontmatter": Object {
              "cover": Object {
                "childImageSharp": Object {
                  "fluid": Object {
                    "aspectRatio": 1.7,
                    "sizes": "(max-width: 600px) 100vw, 600px",
                    "src": "/static/da8d0fc0af7f0d310517048e303b3fcf/a5a41/preview.jpg",
                    "srcSet": "/static/da8d0fc0af7f0d310517048e303b3fcf/a5a41/preview.jpg",
                  },
                },
              },
              "date": "2018-12-15",
              "excerpt": "an excertp for the article #2",
              "path": "path-to-the-article-2",
              "tags": Array [
                "nodejs",
                "angular",
              ],
              "title": "Title of article #2",
            },
          },
        },
      ]
    }
  />
  <ArchivePagination
    nextPage={4}
    prevPage={2}
  />
</Layout>
`;
